// Vitest Snapshot v1

exports[`<PlayerSelection /> > should match the snapshot 1`] = `
<div>
  <div
    class="_actions_e89e23"
  >
    <button
      class="_button_2a1efe"
      data-testid="button-component"
    >
      See your team
    </button>
  </div>
  <div
    class="_headings_e89e23"
  >
    <h2
      class="_headings__name_e89e23"
    >
      Spain
    </h2>
  </div>
  <div
    class="_player-selection-container_e89e23"
  >
    <h1
      data-testid="team-member"
    >
      TeamMember
    </h1>
    <button
      data-testid="click-true"
    >
      Click me
    </button>
    <button
      data-testid="click-false"
    >
      Click me
    </button>
    <h1
      data-testid="team-member"
    >
      TeamMember
    </h1>
    <button
      data-testid="click-true"
    >
      Click me
    </button>
    <button
      data-testid="click-false"
    >
      Click me
    </button>
  </div>
</div>
`;
